// Jest Snapshot v1, https://goo.gl/fbAQLP

exports[`<MemoryCard /> passes snapshot 1`] = `
Object {
  "asFragment": [Function],
  "baseElement": <body>
    <div>
      <div
        class="sc-bczRLJ iUIcWA"
      >
        <div
          class="sc-gsnTZi eYiPVv"
        >
          <img
            alt=""
            class="sc-dkzDqf esSDri"
            src="http://localhost:5000/images/undefined"
          />
        </div>
        <h2
          class="sc-hKMtZM fUXOsT"
        />
        <div
          class="sc-eCYdqJ fDmgfH"
        />
        <div
          class="sc-jSMfEi hMaAOr"
        >
          --function () { [native code] }--
        </div>
      </div>
    </div>
  </body>,
  "container": <div>
    <div
      class="sc-bczRLJ iUIcWA"
    >
      <div
        class="sc-gsnTZi eYiPVv"
      >
        <img
          alt=""
          class="sc-dkzDqf esSDri"
          src="http://localhost:5000/images/undefined"
        />
      </div>
      <h2
        class="sc-hKMtZM fUXOsT"
      />
      <div
        class="sc-eCYdqJ fDmgfH"
      />
      <div
        class="sc-jSMfEi hMaAOr"
      >
        --function () { [native code] }--
      </div>
    </div>
  </div>,
  "debug": [Function],
  "findAllByAltText": [Function],
  "findAllByDisplayValue": [Function],
  "findAllByLabelText": [Function],
  "findAllByPlaceholderText": [Function],
  "findAllByRole": [Function],
  "findAllByTestId": [Function],
  "findAllByText": [Function],
  "findAllByTitle": [Function],
  "findByAltText": [Function],
  "findByDisplayValue": [Function],
  "findByLabelText": [Function],
  "findByPlaceholderText": [Function],
  "findByRole": [Function],
  "findByTestId": [Function],
  "findByText": [Function],
  "findByTitle": [Function],
  "getAllByAltText": [Function],
  "getAllByDisplayValue": [Function],
  "getAllByLabelText": [Function],
  "getAllByPlaceholderText": [Function],
  "getAllByRole": [Function],
  "getAllByTestId": [Function],
  "getAllByText": [Function],
  "getAllByTitle": [Function],
  "getByAltText": [Function],
  "getByDisplayValue": [Function],
  "getByLabelText": [Function],
  "getByPlaceholderText": [Function],
  "getByRole": [Function],
  "getByTestId": [Function],
  "getByText": [Function],
  "getByTitle": [Function],
  "queryAllByAltText": [Function],
  "queryAllByDisplayValue": [Function],
  "queryAllByLabelText": [Function],
  "queryAllByPlaceholderText": [Function],
  "queryAllByRole": [Function],
  "queryAllByTestId": [Function],
  "queryAllByText": [Function],
  "queryAllByTitle": [Function],
  "queryByAltText": [Function],
  "queryByDisplayValue": [Function],
  "queryByLabelText": [Function],
  "queryByPlaceholderText": [Function],
  "queryByRole": [Function],
  "queryByTestId": [Function],
  "queryByText": [Function],
  "queryByTitle": [Function],
  "rerender": [Function],
  "unmount": [Function],
}
`;
